---
source: tests/cli.rs
expression: snapshot
---
success: false
exit_code: 1
----- stdout -----

----- stderr -----
[CACHE] doesn't look like a vivace cache: unexpected not-ours.txt. Refusing to remove it. If that is a bucket from an older viv, `viv cache prune` removes it; otherwise check --cache-dir/XDG_CACHE_HOME.
